
===== dotnet build PCCExecutive.sln -c Release =====
  Determining projects to restore...
  Restored D:\a\walid\walid\src\PCCExecutive.Domain\PCCExecutive.Domain.csproj (in 270 ms).
  Restored D:\a\walid\walid\src\PCCExecutive.Application\PCCExecutive.Application.csproj (in 288 ms).
  Restored D:\a\walid\walid\src\PCCExecutive.GitHub\PCCExecutive.GitHub.csproj (in 288 ms).
  Restored D:\a\walid\walid\src\PCCExecutive.Pcc\PCCExecutive.Pcc.csproj (in 3 ms).
  Restored D:\a\walid\walid\tests\PCCExecutive.Domain.Tests\PCCExecutive.Domain.Tests.csproj (in 5.15 sec).
  Restored D:\a\walid\walid\tests\PCCExecutive.Application.Tests\PCCExecutive.Application.Tests.csproj (in 4.69 sec).
  PCCExecutive.Domain -> D:\a\walid\walid\src\PCCExecutive.Domain\bin\Release\net10.0\PCCExecutive.Domain.dll
  PCCExecutive.Application -> D:\a\walid\walid\src\PCCExecutive.Application\bin\Release\net10.0\PCCExecutive.Application.dll
  PCCExecutive.GitHub -> D:\a\walid\walid\src\PCCExecutive.GitHub\bin\Release\net10.0\PCCExecutive.GitHub.dll
  PCCExecutive.Pcc -> D:\a\walid\walid\src\PCCExecutive.Pcc\bin\Release\net10.0\PCCExecutive.Pcc.dll
  PCCExecutive.Domain.Tests -> D:\a\walid\walid\tests\PCCExecutive.Domain.Tests\bin\Release\net10.0\PCCExecutive.Domain.Tests.dll
  PCCExecutive.Application.Tests -> D:\a\walid\walid\tests\PCCExecutive.Application.Tests\bin\Release\net10.0\PCCExecutive.Application.Tests.dll

Build succeeded.
    0 Warning(s)
    0 Error(s)

Time Elapsed 00:00:29.78

===== dotnet test tests/PCCExecutive.Domain.Tests/PCCExecutive.Domain.Tests.csproj -c Release --no-build =====
Test run for D:\a\walid\walid\tests\PCCExecutive.Domain.Tests\bin\Release\net10.0\PCCExecutive.Domain.Tests.dll (.NETCoreApp,Version=v10.0)
A total of 1 test files matched the specified pattern.

Passed!  - Failed:     0, Passed:    11, Skipped:     0, Total:    11, Duration: 145 ms - PCCExecutive.Domain.Tests.dll (net10.0)

===== dotnet test tests/PCCExecutive.Application.Tests/PCCExecutive.Application.Tests.csproj -c Release --no-build =====
Test run for D:\a\walid\walid\tests\PCCExecutive.Application.Tests\bin\Release\net10.0\PCCExecutive.Application.Tests.dll (.NETCoreApp,Version=v10.0)
A total of 1 test files matched the specified pattern.

Passed!  - Failed:     0, Passed:   102, Skipped:     0, Total:   102, Duration: 411 ms - PCCExecutive.Application.Tests.dll (net10.0)

===== dotnet test tests/PCCExecutive.App.Tests/PCCExecutive.App.Tests.csproj -c Release --no-build =====

===== dotnet test tests/PCCExecutive.Browser.Tests/PCCExecutive.Browser.Tests.csproj -c Release --no-build =====
Test run for D:\a\walid\walid\tests\PCCExecutive.Browser.Tests\bin\Release\net10.0\PCCExecutive.Browser.Tests.dll (.NETCoreApp,Version=v10.0)
The test source file "D:\a\walid\walid\tests\PCCExecutive.Browser.Tests\bin\Release\net10.0\PCCExecutive.Browser.Tests.dll" provided was not found.
RESULT=FAIL
